###############################################################################
#
# IAR ELF Linker V7.50.2.10312/W32 for ARM                29/Apr/2017  17:55:17
# Copyright 2007-2015 IAR Systems AB.
#
#    Output file  =  
#        D:\work\workspace_EWW\fp_blackboard_bins_eww\Project\Debug\Exe\fp_blackboard_bins.out
#    Map file     =  
#        D:\work\workspace_EWW\fp_blackboard_bins_eww\Project\Debug\List\fp_blackboard_bins.map
#    Command line =  
#        D:\work\workspace_EWW\fp_blackboard_bins_eww\Project\Debug\Obj\binr_parse.o
#        D:\work\workspace_EWW\fp_blackboard_bins_eww\Project\Debug\Obj\main.o
#        D:\work\workspace_EWW\fp_blackboard_bins_eww\Project\Debug\Obj\startup_stm32f4xx.o
#        D:\work\workspace_EWW\fp_blackboard_bins_eww\Project\Debug\Obj\stm32f4xx_adc.o
#        D:\work\workspace_EWW\fp_blackboard_bins_eww\Project\Debug\Obj\stm32f4xx_can.o
#        D:\work\workspace_EWW\fp_blackboard_bins_eww\Project\Debug\Obj\stm32f4xx_crc.o
#        D:\work\workspace_EWW\fp_blackboard_bins_eww\Project\Debug\Obj\stm32f4xx_cryp.o
#        D:\work\workspace_EWW\fp_blackboard_bins_eww\Project\Debug\Obj\stm32f4xx_cryp_aes.o
#        D:\work\workspace_EWW\fp_blackboard_bins_eww\Project\Debug\Obj\stm32f4xx_cryp_des.o
#        D:\work\workspace_EWW\fp_blackboard_bins_eww\Project\Debug\Obj\stm32f4xx_cryp_tdes.o
#        D:\work\workspace_EWW\fp_blackboard_bins_eww\Project\Debug\Obj\stm32f4xx_dac.o
#        D:\work\workspace_EWW\fp_blackboard_bins_eww\Project\Debug\Obj\stm32f4xx_dbgmcu.o
#        D:\work\workspace_EWW\fp_blackboard_bins_eww\Project\Debug\Obj\stm32f4xx_dcmi.o
#        D:\work\workspace_EWW\fp_blackboard_bins_eww\Project\Debug\Obj\stm32f4xx_dma.o
#        D:\work\workspace_EWW\fp_blackboard_bins_eww\Project\Debug\Obj\stm32f4xx_exti.o
#        D:\work\workspace_EWW\fp_blackboard_bins_eww\Project\Debug\Obj\stm32f4xx_flash.o
#        D:\work\workspace_EWW\fp_blackboard_bins_eww\Project\Debug\Obj\stm32f4xx_fsmc.o
#        D:\work\workspace_EWW\fp_blackboard_bins_eww\Project\Debug\Obj\stm32f4xx_gpio.o
#        D:\work\workspace_EWW\fp_blackboard_bins_eww\Project\Debug\Obj\stm32f4xx_hash.o
#        D:\work\workspace_EWW\fp_blackboard_bins_eww\Project\Debug\Obj\stm32f4xx_hash_md5.o
#        D:\work\workspace_EWW\fp_blackboard_bins_eww\Project\Debug\Obj\stm32f4xx_hash_sha1.o
#        D:\work\workspace_EWW\fp_blackboard_bins_eww\Project\Debug\Obj\stm32f4xx_i2c.o
#        D:\work\workspace_EWW\fp_blackboard_bins_eww\Project\Debug\Obj\stm32f4xx_it.o
#        D:\work\workspace_EWW\fp_blackboard_bins_eww\Project\Debug\Obj\stm32f4xx_iwdg.o
#        D:\work\workspace_EWW\fp_blackboard_bins_eww\Project\Debug\Obj\stm32f4xx_misc.o
#        D:\work\workspace_EWW\fp_blackboard_bins_eww\Project\Debug\Obj\stm32f4xx_pwr.o
#        D:\work\workspace_EWW\fp_blackboard_bins_eww\Project\Debug\Obj\stm32f4xx_rcc.o
#        D:\work\workspace_EWW\fp_blackboard_bins_eww\Project\Debug\Obj\stm32f4xx_rng.o
#        D:\work\workspace_EWW\fp_blackboard_bins_eww\Project\Debug\Obj\stm32f4xx_rtc.o
#        D:\work\workspace_EWW\fp_blackboard_bins_eww\Project\Debug\Obj\stm32f4xx_sdio.o
#        D:\work\workspace_EWW\fp_blackboard_bins_eww\Project\Debug\Obj\stm32f4xx_spi.o
#        D:\work\workspace_EWW\fp_blackboard_bins_eww\Project\Debug\Obj\stm32f4xx_syscfg.o
#        D:\work\workspace_EWW\fp_blackboard_bins_eww\Project\Debug\Obj\stm32f4xx_tim.o
#        D:\work\workspace_EWW\fp_blackboard_bins_eww\Project\Debug\Obj\stm32f4xx_usart.o
#        D:\work\workspace_EWW\fp_blackboard_bins_eww\Project\Debug\Obj\stm32f4xx_wwdg.o
#        D:\work\workspace_EWW\fp_blackboard_bins_eww\Project\Debug\Obj\sys_init.o
#        D:\work\workspace_EWW\fp_blackboard_bins_eww\Project\Debug\Obj\system_stm32f4xx.o
#        -o
#        D:\work\workspace_EWW\fp_blackboard_bins_eww\Project\Debug\Exe\fp_blackboard_bins.out
#        --map
#        D:\work\workspace_EWW\fp_blackboard_bins_eww\Project\Debug\List\fp_blackboard_bins.map
#        --config
#        D:\work\workspace_EWW\fp_blackboard_bins_eww\Project\stm32f4xx_flash.icf
#        --semihosting --entry __iar_program_start --vfe
#
###############################################################################

*******************************************************************************
*** RUNTIME MODEL ATTRIBUTES
***

CppFlavor       = *
__SystemLibrary = DLib


*******************************************************************************
*** PLACEMENT SUMMARY
***

"A1":  place at 0x08000000 { ro section .intvec };
"P1":  place in [from 0x08000000 to 0x080fffff] { ro };
"P2":  place in [from 0x20000000 to 0x20020000] { rw, block CSTACK, block HEAP };

  Section            Kind        Address    Size  Object
  -------            ----        -------    ----  ------
"A1":                                      0x188
  .intvec            ro code  0x08000000   0x188  startup_stm32f4xx.o [1]
                            - 0x08000188   0x188

"P1":                                      0xac8
  .text              ro code  0x08000188   0x1e8  sys_init.o [1]
  .text              ro code  0x08000370   0x154  stm32f4xx_rcc.o [1]
  .text              ro code  0x080004c4    0xb2  stm32f4xx_gpio.o [1]
  .text              ro code  0x08000578    0x54  stm32f4xx_syscfg.o [1]
  .text              ro code  0x080005cc    0x88  stm32f4xx_misc.o [1]
  .text              ro code  0x08000654    0xa4  stm32f4xx_exti.o [1]
  .text              ro code  0x080006f8   0x17a  stm32f4xx_usart.o [1]
  .text              ro code  0x08000874   0x158  system_stm32f4xx.o [1]
  .text              ro code  0x080009cc    0x2c  copy_init3.o [5]
  .text              ro code  0x080009f8    0x28  data_init.o [5]
  .text              ro code  0x08000a20    0x22  fpinit_M.o [4]
  .iar.init_table    const    0x08000a44    0x14  - Linker created -
  .text              ro code  0x08000a58    0x1a  cmain.o [5]
  .text              ro code  0x08000a72     0x4  low_level_init.o [3]
  .text              ro code  0x08000a76    0x14  main.o [1]
  .text              ro code  0x08000a8a     0x4  exit.o [3]
  .text              ro code  0x08000a90     0xa  cexit.o [5]
  .text              ro code  0x08000a9c    0x14  exit.o [6]
  .text              ro code  0x08000ab0    0x10  startup_stm32f4xx.o [1]
  Initializer bytes  const    0x08000ac0    0x10  <for P2-1>
  .text              ro code  0x08000ad0     0xc  cstartup_M.o [5]
  .text              ro code  0x08000adc     0x8  stm32f4xx_it.o [1]
  .text              ro code  0x08000ae4     0x4  startup_stm32f4xx.o [1]
  .text              ro code  0x08000ae8     0x4  startup_stm32f4xx.o [1]
  .text              ro code  0x08000aec     0x4  startup_stm32f4xx.o [1]
  .text              ro code  0x08000af0     0x4  startup_stm32f4xx.o [1]
  .text              ro code  0x08000af4     0x4  startup_stm32f4xx.o [1]
  .text              ro code  0x08000af8     0x4  startup_stm32f4xx.o [1]
  .text              ro code  0x08000afc     0x4  startup_stm32f4xx.o [1]
  .text              ro code  0x08000b00     0x4  startup_stm32f4xx.o [1]
  .text              ro code  0x08000b04     0x4  startup_stm32f4xx.o [1]
  .text              ro code  0x08000b08     0x4  startup_stm32f4xx.o [1]
  .text              ro code  0x08000b0c     0x4  startup_stm32f4xx.o [1]
  .text              ro code  0x08000b10     0x4  startup_stm32f4xx.o [1]
  .text              ro code  0x08000b14     0x4  startup_stm32f4xx.o [1]
  .text              ro code  0x08000b18     0x4  startup_stm32f4xx.o [1]
  .text              ro code  0x08000b1c     0x4  startup_stm32f4xx.o [1]
  .text              ro code  0x08000b20     0x4  startup_stm32f4xx.o [1]
  .text              ro code  0x08000b24     0x4  startup_stm32f4xx.o [1]
  .text              ro code  0x08000b28     0x4  startup_stm32f4xx.o [1]
  .text              ro code  0x08000b2c     0x4  startup_stm32f4xx.o [1]
  .text              ro code  0x08000b30     0x4  startup_stm32f4xx.o [1]
  .text              ro code  0x08000b34     0x4  startup_stm32f4xx.o [1]
  .text              ro code  0x08000b38     0x4  startup_stm32f4xx.o [1]
  .text              ro code  0x08000b3c     0x4  startup_stm32f4xx.o [1]
  .text              ro code  0x08000b40     0x4  startup_stm32f4xx.o [1]
  .text              ro code  0x08000b44     0x4  startup_stm32f4xx.o [1]
  .text              ro code  0x08000b48     0x4  startup_stm32f4xx.o [1]
  .text              ro code  0x08000b4c     0x4  startup_stm32f4xx.o [1]
  .text              ro code  0x08000b50     0x4  startup_stm32f4xx.o [1]
  .text              ro code  0x08000b54     0x4  startup_stm32f4xx.o [1]
  .text              ro code  0x08000b58     0x4  startup_stm32f4xx.o [1]
  .text              ro code  0x08000b5c     0x4  startup_stm32f4xx.o [1]
  .text              ro code  0x08000b60     0x4  startup_stm32f4xx.o [1]
  .text              ro code  0x08000b64     0x4  startup_stm32f4xx.o [1]
  .text              ro code  0x08000b68     0x4  startup_stm32f4xx.o [1]
  .text              ro code  0x08000b6c     0x4  startup_stm32f4xx.o [1]
  .text              ro code  0x08000b70     0x4  startup_stm32f4xx.o [1]
  .text              ro code  0x08000b74     0x4  startup_stm32f4xx.o [1]
  .text              ro code  0x08000b78     0x4  startup_stm32f4xx.o [1]
  .text              ro code  0x08000b7c     0x4  startup_stm32f4xx.o [1]
  .text              ro code  0x08000b80     0x4  startup_stm32f4xx.o [1]
  .text              ro code  0x08000b84     0x4  startup_stm32f4xx.o [1]
  .text              ro code  0x08000b88     0x4  startup_stm32f4xx.o [1]
  .text              ro code  0x08000b8c     0x4  startup_stm32f4xx.o [1]
  .text              ro code  0x08000b90     0x4  startup_stm32f4xx.o [1]
  .text              ro code  0x08000b94     0x4  startup_stm32f4xx.o [1]
  .text              ro code  0x08000b98     0x4  startup_stm32f4xx.o [1]
  .text              ro code  0x08000b9c     0x4  startup_stm32f4xx.o [1]
  .text              ro code  0x08000ba0     0x4  startup_stm32f4xx.o [1]
  .text              ro code  0x08000ba4     0x4  startup_stm32f4xx.o [1]
  .text              ro code  0x08000ba8     0x4  startup_stm32f4xx.o [1]
  .text              ro code  0x08000bac     0x4  startup_stm32f4xx.o [1]
  .text              ro code  0x08000bb0     0x4  startup_stm32f4xx.o [1]
  .text              ro code  0x08000bb4     0x4  startup_stm32f4xx.o [1]
  .text              ro code  0x08000bb8     0x4  startup_stm32f4xx.o [1]
  .text              ro code  0x08000bbc     0x4  startup_stm32f4xx.o [1]
  .text              ro code  0x08000bc0     0x4  startup_stm32f4xx.o [1]
  .text              ro code  0x08000bc4     0x4  startup_stm32f4xx.o [1]
  .text              ro code  0x08000bc8     0x4  startup_stm32f4xx.o [1]
  .text              ro code  0x08000bcc     0x4  startup_stm32f4xx.o [1]
  .text              ro code  0x08000bd0     0x4  startup_stm32f4xx.o [1]
  .text              ro code  0x08000bd4     0x4  startup_stm32f4xx.o [1]
  .text              ro code  0x08000bd8     0x4  startup_stm32f4xx.o [1]
  .text              ro code  0x08000bdc     0x4  startup_stm32f4xx.o [1]
  .text              ro code  0x08000be0     0x4  startup_stm32f4xx.o [1]
  .text              ro code  0x08000be4     0x4  startup_stm32f4xx.o [1]
  .text              ro code  0x08000be8     0x4  startup_stm32f4xx.o [1]
  .text              ro code  0x08000bec     0x4  startup_stm32f4xx.o [1]
  .text              ro code  0x08000bf0     0x4  startup_stm32f4xx.o [1]
  .text              ro code  0x08000bf4     0x4  startup_stm32f4xx.o [1]
  .text              ro code  0x08000bf8     0x4  startup_stm32f4xx.o [1]
  .text              ro code  0x08000bfc     0x4  startup_stm32f4xx.o [1]
  .text              ro code  0x08000c00     0x4  startup_stm32f4xx.o [1]
  .text              ro code  0x08000c04     0x4  startup_stm32f4xx.o [1]
  .text              ro code  0x08000c08     0x4  startup_stm32f4xx.o [1]
  .text              ro code  0x08000c0c     0x4  startup_stm32f4xx.o [1]
  .text              ro code  0x08000c10     0x4  startup_stm32f4xx.o [1]
  .text              ro code  0x08000c14     0x4  startup_stm32f4xx.o [1]
  .text              ro code  0x08000c18     0x4  startup_stm32f4xx.o [1]
  .text              ro code  0x08000c1c     0x4  startup_stm32f4xx.o [1]
  .text              ro code  0x08000c20     0x4  startup_stm32f4xx.o [1]
  .text              ro code  0x08000c24     0x4  startup_stm32f4xx.o [1]
  .text              ro code  0x08000c28     0x4  startup_stm32f4xx.o [1]
  .text              ro code  0x08000c2c     0x4  startup_stm32f4xx.o [1]
  .text              ro code  0x08000c30     0x4  startup_stm32f4xx.o [1]
  .text              ro code  0x08000c34     0x4  startup_stm32f4xx.o [1]
  .text              ro code  0x08000c38     0x4  startup_stm32f4xx.o [1]
  .text              ro code  0x08000c3c     0x4  startup_stm32f4xx.o [1]
  .text              ro code  0x08000c40     0x4  startup_stm32f4xx.o [1]
  .text              ro code  0x08000c44     0x4  startup_stm32f4xx.o [1]
  .text              ro code  0x08000c48     0x4  startup_stm32f4xx.o [1]
  .text              ro code  0x08000c4c     0x4  startup_stm32f4xx.o [1]
  .rodata            const    0x08000c50     0x0  copy_init3.o [5]
                            - 0x08000c50   0xac8

"P2", part 1 of 2:                          0x10
  P2-1                        0x20000000    0x10  <Init block>
    .data            inited   0x20000000    0x10  stm32f4xx_rcc.o [1]
                            - 0x20000010    0x10

"P2", part 2 of 2:                        0x1000
  CSTACK                      0x20000010  0x1000  <Block>
    CSTACK           uninit   0x20000010  0x1000  <Block tail>
                            - 0x20001010  0x1000


*******************************************************************************
*** INIT TABLE
***

          Address     Size
          -------     ----
Copy (__iar_copy_init3)
    1 source range, total size 0x10:
          0x08000ac0  0x10
    1 destination range, total size 0x10:
          0x20000000  0x10



*******************************************************************************
*** MODULE SUMMARY
***

    Module               ro code  ro data  rw data
    ------               -------  -------  -------
D:\work\workspace_EWW\fp_blackboard_bins_eww\Project\Debug\Obj: [1]
    main.o                    20
    startup_stm32f4xx.o      772
    stm32f4xx_exti.o         164
    stm32f4xx_gpio.o         178
    stm32f4xx_it.o             8
    stm32f4xx_misc.o         136
    stm32f4xx_rcc.o          340       16       16
    stm32f4xx_syscfg.o        84
    stm32f4xx_usart.o        378
    sys_init.o               488
    system_stm32f4xx.o       344
    ----------------------------------------------
    Total:                 2 912       16       16

command line: [2]
    ----------------------------------------------
    Total:

dl7M_tln.a: [3]
    exit.o                     4
    low_level_init.o           4
    ----------------------------------------------
    Total:                     8

m7M_tls.a: [4]
    fpinit_M.o                34
    ----------------------------------------------
    Total:                    34

rt7M_tl.a: [5]
    cexit.o                   10
    cmain.o                   26
    copy_init3.o              44
    cstartup_M.o              12
    data_init.o               40
    ----------------------------------------------
    Total:                   132

shb_l.a: [6]
    exit.o                    20
    ----------------------------------------------
    Total:                    20

    Gaps                       8        2
    Linker created                     20    4 096
--------------------------------------------------
    Grand Total:           3 114       38    4 112


*******************************************************************************
*** ENTRY LIST
***

Entry                      Address   Size  Type      Object
-----                      -------   ----  ----      ------
.iar.init_table$$Base   0x08000a44          --   Gb  - Linker created -
.iar.init_table$$Limit  0x08000a58          --   Gb  - Linker created -
?main                   0x08000a59         Code  Gb  cmain.o [5]
APBAHBPrescTable        0x20000000   0x10  Data  Lc  stm32f4xx_rcc.o [1]
BusFault_Handler        0x08000ae1    0x2  Code  Gb  stm32f4xx_it.o [1]
CSTACK$$Base            0x20000010          --   Gb  - Linker created -
CSTACK$$Limit           0x20001010          --   Gb  - Linker created -
EXTI_ClearITPendingBit  0x080006dd    0x6  Code  Gb  stm32f4xx_exti.o [1]
EXTI_Init               0x08000655   0x88  Code  Gb  stm32f4xx_exti.o [1]
GPIO_Init               0x080004c5   0xaa  Code  Gb  stm32f4xx_gpio.o [1]
GPIO_ResetBits          0x08000573    0x4  Code  Gb  stm32f4xx_gpio.o [1]
GPIO_SetBits            0x0800056f    0x4  Code  Gb  stm32f4xx_gpio.o [1]
HardFault_Handler       0x08000add    0x2  Code  Gb  stm32f4xx_it.o [1]
MemManage_Handler       0x08000adf    0x2  Code  Gb  stm32f4xx_it.o [1]
NVIC_Init               0x080005d7   0x6a  Code  Gb  stm32f4xx_misc.o [1]
NVIC_PriorityGroupConfig
                        0x080005cd    0xa  Code  Gb  stm32f4xx_misc.o [1]
RCC_AHB1PeriphClockCmd  0x08000471   0x1e  Code  Gb  stm32f4xx_rcc.o [1]
RCC_APB2PeriphClockCmd  0x0800048f   0x1e  Code  Gb  stm32f4xx_rcc.o [1]
RCC_GetClocksFreq       0x08000371  0x100  Code  Gb  stm32f4xx_rcc.o [1]
Region$$Table$$Base     0x08000a44          --   Gb  - Linker created -
Region$$Table$$Limit    0x08000a58          --   Gb  - Linker created -
SYSCFG_EXTILineConfig   0x08000579   0x50  Code  Gb  stm32f4xx_syscfg.o [1]
SetSysClock             0x080008c7   0xd2  Code  Lc  system_stm32f4xx.o [1]
SystemInit              0x08000875   0x52  Code  Gb  system_stm32f4xx.o [1]
USART_ClearFlag         0x08000867    0xc  Code  Gb  stm32f4xx_usart.o [1]
USART_Cmd               0x080007f5   0x1c  Code  Gb  stm32f4xx_usart.o [1]
USART_ITConfig          0x08000811   0x56  Code  Gb  stm32f4xx_usart.o [1]
USART_Init              0x080006f9   0xee  Code  Gb  stm32f4xx_usart.o [1]
UsageFault_Handler      0x08000ae3    0x2  Code  Gb  stm32f4xx_it.o [1]
__cmain                 0x08000a59         Code  Gb  cmain.o [5]
__exit                  0x08000a9d   0x14  Code  Gb  exit.o [6]
__iar_copy_init3        0x080009cd   0x2c  Code  Gb  copy_init3.o [5]
__iar_data_init3        0x080009f9   0x28  Code  Gb  data_init.o [5]
__iar_init_vfp          0x08000a21         Code  Gb  fpinit_M.o [4]
__iar_program_start     0x08000ad1         Code  Gb  cstartup_M.o [5]
__low_level_init        0x08000a73    0x4  Code  Gb  low_level_init.o [3]
__vector_table          0x08000000         Data  Gb  startup_stm32f4xx.o [1]
_call_main              0x08000a65         Code  Gb  cmain.o [5]
_exit                   0x08000a91         Code  Gb  cexit.o [5]
_main                   0x08000a6f         Code  Gb  cmain.o [5]
clk_init                0x08000189   0x26  Code  Gb  sys_init.o [1]
exit                    0x08000a8b    0x4  Code  Gb  exit.o [3]
gps_init                0x08000203   0xea  Code  Gb  sys_init.o [1]
led_init                0x080001af   0x54  Code  Gb  sys_init.o [1]
main                    0x08000a77   0x14  Code  Gb  main.o [1]
usart1_init             0x080002ed   0x72  Code  Gb  sys_init.o [1]


[1] = D:\work\workspace_EWW\fp_blackboard_bins_eww\Project\Debug\Obj
[2] = command line
[3] = dl7M_tln.a
[4] = m7M_tls.a
[5] = rt7M_tl.a
[6] = shb_l.a

  3 114 bytes of readonly  code memory
     38 bytes of readonly  data memory
  4 112 bytes of readwrite data memory

Errors: none
Warnings: none
